We're working on a new product called Textise Pro that will allow web
sites to offer text only functionality that retains forms and allows
authenticated pages to be converted to text. If you're interested in
using Textise Pro for your own site, write to us via the Contact Page
<https://textise.wordpress.com/contact-us/> for more information.
------------------------------------------------------------------------

This page has been Textised!
The original page address was
https://git-scm.com/book/ru/v1/%D0%98%D0%BD%D1%81%D1%82%D1%80%D1%83%D0%BC%D0%B5%D0%BD%D1%82%D1%8B-Git-%D0%9F%D0%BE%D0%B4%D0%BC%D0%BE%D0%B4%D1%83%D0%BB%D0%B8
For sharing use http://tinyurl.com/hm65ukv

Here are some options:

- Back to original page (in this window
<https://git-scm.com/book/ru/v1/%D0%98%D0%BD%D1%81%D1%82%D1%80%D1%83%D0%BC%D0%B5%D0%BD%D1%82%D1%8B-Git-%D0%9F%D0%BE%D0%B4%D0%BC%D0%BE%D0%B4%D1%83%D0%BB%D0%B8>
| in a new window)
<https://git-scm.com/book/ru/v1/%D0%98%D0%BD%D1%81%D1%82%D1%80%D1%83%D0%BC%D0%B5%D0%BD%D1%82%D1%8B-Git-%D0%9F%D0%BE%D0%B4%D0%BC%D0%BE%D0%B4%D1%83%D0%BB%D0%B8>
- Print this page <javascript:window.print()>
- Textise Home Page (full version <http://www.textise.net/> | text only
version)
<http://www.textise.net/showText.aspx?strURL=http%3A//www.textise.net/>
- Textise Options Page (choose font size, font colour, etc.)
<https://www.textise.net/textiseOptions.aspx?strURL=https%3a%2f%2fgit-scm.com%2fbook%2fru%2fv1%2f%d0%98%d0%bd%d1%81%d1%82%d1%80%d1%83%d0%bc%d0%b5%d0%bd%d1%82%d1%8b-Git-%d0%9f%d0%be%d0%b4%d0%bc%d0%be%d0%b4%d1%83%d0%bb%d0%b8>

------------------------------------------------------------------------
[Image: Git]   <javascript:textise('http://git-scm.com/')>
--distributed-is-the-new-centralized  

  * About <javascript:textise('http://git-scm.com/about')>
  * Documentation <javascript:textise('http://git-scm.com/doc')>
      o Reference <javascript:textise('http://git-scm.com/docs')>
      o Book <javascript:textise('http://git-scm.com/book')>
      o Videos <javascript:textise('http://git-scm.com/videos')>
      o External Links <javascript:textise('http://git-scm.com/doc/ext')>
  * Blog <javascript:textise('http://git-scm.com/blog')>
  * Downloads <javascript:textise('http://git-scm.com/downloads')>
      o GUI Clients
        <javascript:textise('http://git-scm.com/downloads/guis')>
      o Logos <javascript:textise('http://git-scm.com/downloads/logos')>
  * Community <javascript:textise('http://git-scm.com/community')>

This book is translated into Deutsch
<javascript:textise('http://git-scm.com/book/de')>, 简体中文
<javascript:textise('http://git-scm.com/book/zh')>, 正體中文
<javascript:textise('http://git-scm.com/book/zh-tw')>, Français
<javascript:textise('http://git-scm.com/book/fr/v2')>, 日本語
<javascript:textise('http://git-scm.com/book/ja')>, Nederlands
<javascript:textise('http://git-scm.com/book/nl')>, Русский
<javascript:textise('http://git-scm.com/book/ru')>, 한국어
<javascript:textise('http://git-scm.com/book/ko')>, Português (Brasil)
<javascript:textise('http://git-scm.com/book/pt-br')> and Čeština
<javascript:textise('http://git-scm.com/book/cs')>.

Partial translations available in Arabic
<javascript:textise('http://git-scm.com/book/ar')>, Español
<javascript:textise('http://git-scm.com/book/es')>, Indonesian
<javascript:textise('http://git-scm.com/book/id')>, Italiano
<javascript:textise('http://git-scm.com/book/it')>, Suomi
<javascript:textise('http://git-scm.com/book/fi')>, Македонски
<javascript:textise('http://git-scm.com/book/mk')>, Polski
<javascript:textise('http://git-scm.com/book/pl')> and Türkçe
<javascript:textise('http://git-scm.com/book/tr')>.

Translations started for Azərbaycan dili
<javascript:textise('http://git-scm.com/book/az')>, Беларуская
<javascript:textise('http://git-scm.com/book/be')>, Català
<javascript:textise('http://git-scm.com/book/ca')>, Esperanto
<javascript:textise('http://git-scm.com/book/eo')>, Español (Nicaragua)
<javascript:textise('http://git-scm.com/book/es-ni')>, فارسی
<javascript:textise('http://git-scm.com/book/fa')>, हिन्दी
<javascript:textise('http://git-scm.com/book/hi')>, Magyar
<javascript:textise('http://git-scm.com/book/hu')>, Norwegian Bokmål
<javascript:textise('http://git-scm.com/book/no-nb')>, Rom'nă
<javascript:textise('http://git-scm.com/book/ro')>, Српски
<javascript:textise('http://git-scm.com/book/sr')>, ภาษาไทย
<javascript:textise('http://git-scm.com/book/th')>, Tiếng Việt
<javascript:textise('http://git-scm.com/book/vi')>, Українська
<javascript:textise('http://git-scm.com/book/uk')> and Ўзбекча
<javascript:textise('http://git-scm.com/book/uz/v2')>.

The source of this book is hosted on GitHub.
<javascript:textise('https://github.com/progit/progit2')>
Patches, suggestions and comments are welcome.

Chapters ▾ <#>

 1. 1. Введение
    <javascript:textise('http://git-scm.com/book/ru/v1/%D0%92%D0%B2%D0%B5%D0%B4%D0%B5%D0%BD%D0%B8%D0%B5')>

     1. 1.1 О контроле версий
        <javascript:textise('http://git-scm.com/book/ru/v1/%D0%92%D0%B2%D0%B5%D0%B4%D0%B5%D0%BD%D0%B8%D0%B5-%D0%9E-%D0%BA%D0%BE%D0%BD%D1%82%D1%80%D0%BE%D0%BB%D0%B5-%D0%B2%D0%B5%D1%80%D1%81%D0%B8%D0%B9')>

     2. 1.2 Краткая история Git
        <javascript:textise('http://git-scm.com/book/ru/v1/%D0%92%D0%B2%D0%B5%D0%B4%D0%B5%D0%BD%D0%B8%D0%B5-%D0%9A%D1%80%D0%B0%D1%82%D0%BA%D0%B0%D1%8F-%D0%B8%D1%81%D1%82%D0%BE%D1%80%D0%B8%D1%8F-Git')>

     3. 1.3 Основы Git
        <javascript:textise('http://git-scm.com/book/ru/v1/%D0%92%D0%B2%D0%B5%D0%B4%D0%B5%D0%BD%D0%B8%D0%B5-%D0%9E%D1%81%D0%BD%D0%BE%D0%B2%D1%8B-Git')>

     4. 1.4 Установка Git
        <javascript:textise('http://git-scm.com/book/ru/v1/%D0%92%D0%B2%D0%B5%D0%B4%D0%B5%D0%BD%D0%B8%D0%B5-%D0%A3%D1%81%D1%82%D0%B0%D0%BD%D0%BE%D0%B2%D0%BA%D0%B0-Git')>

     5. 1.5 Первоначальная настройка Git
        <javascript:textise('http://git-scm.com/book/ru/v1/%D0%92%D0%B2%D0%B5%D0%B4%D0%B5%D0%BD%D0%B8%D0%B5-%D0%9F%D0%B5%D1%80%D0%B2%D0%BE%D0%BD%D0%B0%D1%87%D0%B0%D0%BB%D1%8C%D0%BD%D0%B0%D1%8F-%D0%BD%D0%B0%D1%81%D1%82%D1%80%D0%BE%D0%B9%D0%BA%D0%B0-Git')>

     6. 1.6 Как получить помощь?
        <javascript:textise('http://git-scm.com/book/ru/v1/%D0%92%D0%B2%D0%B5%D0%B4%D0%B5%D0%BD%D0%B8%D0%B5-%D0%9A%D0%B0%D0%BA-%D0%BF%D0%BE%D0%BB%D1%83%D1%87%D0%B8%D1%82%D1%8C-%D0%BF%D0%BE%D0%BC%D0%BE%D1%89%D1%8C%3F')>

     7. 1.7 Итоги
        <javascript:textise('http://git-scm.com/book/ru/v1/%D0%92%D0%B2%D0%B5%D0%B4%D0%B5%D0%BD%D0%B8%D0%B5-%D0%98%D1%82%D0%BE%D0%B3%D0%B8')>

 2. 2. Основы Git
    <javascript:textise('http://git-scm.com/book/ru/v1/%D0%9E%D1%81%D0%BD%D0%BE%D0%B2%D1%8B-Git')>

     1. 2.1 Создание Git-репозитория
        <javascript:textise('http://git-scm.com/book/ru/v1/%D0%9E%D1%81%D0%BD%D0%BE%D0%B2%D1%8B-Git-%D0%A1%D0%BE%D0%B7%D0%B4%D0%B0%D0%BD%D0%B8%D0%B5-Git-%D1%80%D0%B5%D0%BF%D0%BE%D0%B7%D0%B8%D1%82%D0%BE%D1%80%D0%B8%D1%8F')>

     2. 2.2 Запись изменений в репозиторий
        <javascript:textise('http://git-scm.com/book/ru/v1/%D0%9E%D1%81%D0%BD%D0%BE%D0%B2%D1%8B-Git-%D0%97%D0%B0%D0%BF%D0%B8%D1%81%D1%8C-%D0%B8%D0%B7%D0%BC%D0%B5%D0%BD%D0%B5%D0%BD%D0%B8%D0%B9-%D0%B2-%D1%80%D0%B5%D0%BF%D0%BE%D0%B7%D0%B8%D1%82%D0%BE%D1%80%D0%B8%D0%B9')>

     3. 2.3 Просмотр истории коммитов
        <javascript:textise('http://git-scm.com/book/ru/v1/%D0%9E%D1%81%D0%BD%D0%BE%D0%B2%D1%8B-Git-%D0%9F%D1%80%D0%BE%D1%81%D0%BC%D0%BE%D1%82%D1%80-%D0%B8%D1%81%D1%82%D0%BE%D1%80%D0%B8%D0%B8-%D0%BA%D0%BE%D0%BC%D0%BC%D0%B8%D1%82%D0%BE%D0%B2')>

     4. 2.4 Отмена изменений
        <javascript:textise('http://git-scm.com/book/ru/v1/%D0%9E%D1%81%D0%BD%D0%BE%D0%B2%D1%8B-Git-%D0%9E%D1%82%D0%BC%D0%B5%D0%BD%D0%B0-%D0%B8%D0%B7%D0%BC%D0%B5%D0%BD%D0%B5%D0%BD%D0%B8%D0%B9')>

     5. 2.5 Работа с удалёнными репозиториями
        <javascript:textise('http://git-scm.com/book/ru/v1/%D0%9E%D1%81%D0%BD%D0%BE%D0%B2%D1%8B-Git-%D0%A0%D0%B0%D0%B1%D0%BE%D1%82%D0%B0-%D1%81-%D1%83%D0%B4%D0%B0%D0%BB%D1%91%D0%BD%D0%BD%D1%8B%D0%BC%D0%B8-%D1%80%D0%B5%D0%BF%D0%BE%D0%B7%D0%B8%D1%82%D0%BE%D1%80%D0%B8%D1%8F%D0%BC%D0%B8')>

     6. 2.6 Работа с метками
        <javascript:textise('http://git-scm.com/book/ru/v1/%D0%9E%D1%81%D0%BD%D0%BE%D0%B2%D1%8B-Git-%D0%A0%D0%B0%D0%B1%D0%BE%D1%82%D0%B0-%D1%81-%D0%BC%D0%B5%D1%82%D0%BA%D0%B0%D0%BC%D0%B8')>

     7. 2.7 Полезные советы
        <javascript:textise('http://git-scm.com/book/ru/v1/%D0%9E%D1%81%D0%BD%D0%BE%D0%B2%D1%8B-Git-%D0%9F%D0%BE%D0%BB%D0%B5%D0%B7%D0%BD%D1%8B%D0%B5-%D1%81%D0%BE%D0%B2%D0%B5%D1%82%D1%8B')>

     8. 2.8 Итоги
        <javascript:textise('http://git-scm.com/book/ru/v1/%D0%9E%D1%81%D0%BD%D0%BE%D0%B2%D1%8B-Git-%D0%98%D1%82%D0%BE%D0%B3%D0%B8')>

 3. 3. Ветвление в Git
    <javascript:textise('http://git-scm.com/book/ru/v1/%D0%92%D0%B5%D1%82%D0%B2%D0%BB%D0%B5%D0%BD%D0%B8%D0%B5-%D0%B2-Git')>

     1. 3.1 Что такое ветка?
        <javascript:textise('http://git-scm.com/book/ru/v1/%D0%92%D0%B5%D1%82%D0%B2%D0%BB%D0%B5%D0%BD%D0%B8%D0%B5-%D0%B2-Git-%D0%A7%D1%82%D0%BE-%D1%82%D0%B0%D0%BA%D0%BE%D0%B5-%D0%B2%D0%B5%D1%82%D0%BA%D0%B0%3F')>

     2. 3.2 Основы ветвления и слияния
        <javascript:textise('http://git-scm.com/book/ru/v1/%D0%92%D0%B5%D1%82%D0%B2%D0%BB%D0%B5%D0%BD%D0%B8%D0%B5-%D0%B2-Git-%D0%9E%D1%81%D0%BD%D0%BE%D0%B2%D1%8B-%D0%B2%D0%B5%D1%82%D0%B2%D0%BB%D0%B5%D0%BD%D0%B8%D1%8F-%D0%B8-%D1%81%D0%BB%D0%B8%D1%8F%D0%BD%D0%B8%D1%8F')>

     3. 3.3 Управление ветками
        <javascript:textise('http://git-scm.com/book/ru/v1/%D0%92%D0%B5%D1%82%D0%B2%D0%BB%D0%B5%D0%BD%D0%B8%D0%B5-%D0%B2-Git-%D0%A3%D0%BF%D1%80%D0%B0%D0%B2%D0%BB%D0%B5%D0%BD%D0%B8%D0%B5-%D0%B2%D0%B5%D1%82%D0%BA%D0%B0%D0%BC%D0%B8')>

     4. 3.4 Приёмы работы с ветками
        <javascript:textise('http://git-scm.com/book/ru/v1/%D0%92%D0%B5%D1%82%D0%B2%D0%BB%D0%B5%D0%BD%D0%B8%D0%B5-%D0%B2-Git-%D0%9F%D1%80%D0%B8%D1%91%D0%BC%D1%8B-%D1%80%D0%B0%D0%B1%D0%BE%D1%82%D1%8B-%D1%81-%D0%B2%D0%B5%D1%82%D0%BA%D0%B0%D0%BC%D0%B8')>

     5. 3.5 Удалённые ветки
        <javascript:textise('http://git-scm.com/book/ru/v1/%D0%92%D0%B5%D1%82%D0%B2%D0%BB%D0%B5%D0%BD%D0%B8%D0%B5-%D0%B2-Git-%D0%A3%D0%B4%D0%B0%D0%BB%D1%91%D0%BD%D0%BD%D1%8B%D0%B5-%D0%B2%D0%B5%D1%82%D0%BA%D0%B8')>

     6. 3.6 Перемещение
        <javascript:textise('http://git-scm.com/book/ru/v1/%D0%92%D0%B5%D1%82%D0%B2%D0%BB%D0%B5%D0%BD%D0%B8%D0%B5-%D0%B2-Git-%D0%9F%D0%B5%D1%80%D0%B5%D0%BC%D0%B5%D1%89%D0%B5%D0%BD%D0%B8%D0%B5')>

     7. 3.7 Итоги
        <javascript:textise('http://git-scm.com/book/ru/v1/%D0%92%D0%B5%D1%82%D0%B2%D0%BB%D0%B5%D0%BD%D0%B8%D0%B5-%D0%B2-Git-%D0%98%D1%82%D0%BE%D0%B3%D0%B8')>


 1. 4. Git на сервере
    <javascript:textise('http://git-scm.com/book/ru/v1/Git-%D0%BD%D0%B0-%D1%81%D0%B5%D1%80%D0%B2%D0%B5%D1%80%D0%B5')>

     1. 4.1 Протоколы
        <javascript:textise('http://git-scm.com/book/ru/v1/Git-%D0%BD%D0%B0-%D1%81%D0%B5%D1%80%D0%B2%D0%B5%D1%80%D0%B5-%D0%9F%D1%80%D0%BE%D1%82%D0%BE%D0%BA%D0%BE%D0%BB%D1%8B')>

     2. 4.2 Настройка Git на сервере
        <javascript:textise('http://git-scm.com/book/ru/v1/Git-%D0%BD%D0%B0-%D1%81%D0%B5%D1%80%D0%B2%D0%B5%D1%80%D0%B5-%D0%9D%D0%B0%D1%81%D1%82%D1%80%D0%BE%D0%B9%D0%BA%D0%B0-Git-%D0%BD%D0%B0-%D1%81%D0%B5%D1%80%D0%B2%D0%B5%D1%80%D0%B5')>

     3. 4.3 Создание открытого SSH-ключа
        <javascript:textise('http://git-scm.com/book/ru/v1/Git-%D0%BD%D0%B0-%D1%81%D0%B5%D1%80%D0%B2%D0%B5%D1%80%D0%B5-%D0%A1%D0%BE%D0%B7%D0%B4%D0%B0%D0%BD%D0%B8%D0%B5-%D0%BE%D1%82%D0%BA%D1%80%D1%8B%D1%82%D0%BE%D0%B3%D0%BE-SSH-%D0%BA%D0%BB%D1%8E%D1%87%D0%B0')>

     4. 4.4 Настраиваем сервер
        <javascript:textise('http://git-scm.com/book/ru/v1/Git-%D0%BD%D0%B0-%D1%81%D0%B5%D1%80%D0%B2%D0%B5%D1%80%D0%B5-%D0%9D%D0%B0%D1%81%D1%82%D1%80%D0%B0%D0%B8%D0%B2%D0%B0%D0%B5%D0%BC-%D1%81%D0%B5%D1%80%D0%B2%D0%B5%D1%80')>

     5. 4.5 Открытый доступ
        <javascript:textise('http://git-scm.com/book/ru/v1/Git-%D0%BD%D0%B0-%D1%81%D0%B5%D1%80%D0%B2%D0%B5%D1%80%D0%B5-%D0%9E%D1%82%D0%BA%D1%80%D1%8B%D1%82%D1%8B%D0%B9-%D0%B4%D0%BE%D1%81%D1%82%D1%83%D0%BF')>

     6. 4.6 GitWeb
        <javascript:textise('http://git-scm.com/book/ru/v1/Git-%D0%BD%D0%B0-%D1%81%D0%B5%D1%80%D0%B2%D0%B5%D1%80%D0%B5-GitWeb')>

     7. 4.7 Gitosis
        <javascript:textise('http://git-scm.com/book/ru/v1/Git-%D0%BD%D0%B0-%D1%81%D0%B5%D1%80%D0%B2%D0%B5%D1%80%D0%B5-Gitosis')>

     8. 4.8 Gitolite
        <javascript:textise('http://git-scm.com/book/ru/v1/Git-%D0%BD%D0%B0-%D1%81%D0%B5%D1%80%D0%B2%D0%B5%D1%80%D0%B5-Gitolite')>

     9. 4.9 Git-демон
        <javascript:textise('http://git-scm.com/book/ru/v1/Git-%D0%BD%D0%B0-%D1%81%D0%B5%D1%80%D0%B2%D0%B5%D1%80%D0%B5-Git-%D0%B4%D0%B5%D0%BC%D0%BE%D0%BD')>

    10. 4.10 Git-хостинг
        <javascript:textise('http://git-scm.com/book/ru/v1/Git-%D0%BD%D0%B0-%D1%81%D0%B5%D1%80%D0%B2%D0%B5%D1%80%D0%B5-Git-%D1%85%D0%BE%D1%81%D1%82%D0%B8%D0%BD%D0%B3')>

    11. 4.11 Итоги
        <javascript:textise('http://git-scm.com/book/ru/v1/Git-%D0%BD%D0%B0-%D1%81%D0%B5%D1%80%D0%B2%D0%B5%D1%80%D0%B5-%D0%98%D1%82%D0%BE%D0%B3%D0%B8')>

 2. 5. Распределённый Git
    <javascript:textise('http://git-scm.com/book/ru/v1/%D0%A0%D0%B0%D1%81%D0%BF%D1%80%D0%B5%D0%B4%D0%B5%D0%BB%D1%91%D0%BD%D0%BD%D1%8B%D0%B9-Git')>

     1. 5.1 Распределённые рабочие процессы
        <javascript:textise('http://git-scm.com/book/ru/v1/%D0%A0%D0%B0%D1%81%D0%BF%D1%80%D0%B5%D0%B4%D0%B5%D0%BB%D1%91%D0%BD%D0%BD%D1%8B%D0%B9-Git-%D0%A0%D0%B0%D1%81%D0%BF%D1%80%D0%B5%D0%B4%D0%B5%D0%BB%D1%91%D0%BD%D0%BD%D1%8B%D0%B5-%D1%80%D0%B0%D0%B1%D0%BE%D1%87%D0%B8%D0%B5-%D0%BF%D1%80%D0%BE%D1%86%D0%B5%D1%81%D1%81%D1%8B')>

     2. 5.2 Содействие проекту
        <javascript:textise('http://git-scm.com/book/ru/v1/%D0%A0%D0%B0%D1%81%D0%BF%D1%80%D0%B5%D0%B4%D0%B5%D0%BB%D1%91%D0%BD%D0%BD%D1%8B%D0%B9-Git-%D0%A1%D0%BE%D0%B4%D0%B5%D0%B9%D1%81%D1%82%D0%B2%D0%B8%D0%B5-%D0%BF%D1%80%D0%BE%D0%B5%D0%BA%D1%82%D1%83')>

     3. 5.3 Сопровождение проекта
        <javascript:textise('http://git-scm.com/book/ru/v1/%D0%A0%D0%B0%D1%81%D0%BF%D1%80%D0%B5%D0%B4%D0%B5%D0%BB%D1%91%D0%BD%D0%BD%D1%8B%D0%B9-Git-%D0%A1%D0%BE%D0%BF%D1%80%D0%BE%D0%B2%D0%BE%D0%B6%D0%B4%D0%B5%D0%BD%D0%B8%D0%B5-%D0%BF%D1%80%D0%BE%D0%B5%D0%BA%D1%82%D0%B0')>

     4. 5.4 Итоги
        <javascript:textise('http://git-scm.com/book/ru/v1/%D0%A0%D0%B0%D1%81%D0%BF%D1%80%D0%B5%D0%B4%D0%B5%D0%BB%D1%91%D0%BD%D0%BD%D1%8B%D0%B9-Git-%D0%98%D1%82%D0%BE%D0%B3%D0%B8')>

 3. 6. Инструменты Git
    <javascript:textise('http://git-scm.com/book/ru/v1/%D0%98%D0%BD%D1%81%D1%82%D1%80%D1%83%D0%BC%D0%B5%D0%BD%D1%82%D1%8B-Git')>

     1. 6.1 Выбор ревизии
        <javascript:textise('http://git-scm.com/book/ru/v1/%D0%98%D0%BD%D1%81%D1%82%D1%80%D1%83%D0%BC%D0%B5%D0%BD%D1%82%D1%8B-Git-%D0%92%D1%8B%D0%B1%D0%BE%D1%80-%D1%80%D0%B5%D0%B2%D0%B8%D0%B7%D0%B8%D0%B8')>

     2. 6.2 Интерактивное индексирование
        <javascript:textise('http://git-scm.com/book/ru/v1/%D0%98%D0%BD%D1%81%D1%82%D1%80%D1%83%D0%BC%D0%B5%D0%BD%D1%82%D1%8B-Git-%D0%98%D0%BD%D1%82%D0%B5%D1%80%D0%B0%D0%BA%D1%82%D0%B8%D0%B2%D0%BD%D0%BE%D0%B5-%D0%B8%D0%BD%D0%B4%D0%B5%D0%BA%D1%81%D0%B8%D1%80%D0%BE%D0%B2%D0%B0%D0%BD%D0%B8%D0%B5')>

     3. 6.3 Прятанье
        <javascript:textise('http://git-scm.com/book/ru/v1/%D0%98%D0%BD%D1%81%D1%82%D1%80%D1%83%D0%BC%D0%B5%D0%BD%D1%82%D1%8B-Git-%D0%9F%D1%80%D1%8F%D1%82%D0%B0%D0%BD%D1%8C%D0%B5')>

     4. 6.4 Перезапись истории
        <javascript:textise('http://git-scm.com/book/ru/v1/%D0%98%D0%BD%D1%81%D1%82%D1%80%D1%83%D0%BC%D0%B5%D0%BD%D1%82%D1%8B-Git-%D0%9F%D0%B5%D1%80%D0%B5%D0%B7%D0%B0%D0%BF%D0%B8%D1%81%D1%8C-%D0%B8%D1%81%D1%82%D0%BE%D1%80%D0%B8%D0%B8')>

     5. 6.5 Отладка с помощью Git
        <javascript:textise('http://git-scm.com/book/ru/v1/%D0%98%D0%BD%D1%81%D1%82%D1%80%D1%83%D0%BC%D0%B5%D0%BD%D1%82%D1%8B-Git-%D0%9E%D1%82%D0%BB%D0%B0%D0%B4%D0%BA%D0%B0-%D1%81-%D0%BF%D0%BE%D0%BC%D0%BE%D1%89%D1%8C%D1%8E-Git')>

     6. 6.6 Подмодули
        <javascript:textise('http://git-scm.com/book/ru/v1/%D0%98%D0%BD%D1%81%D1%82%D1%80%D1%83%D0%BC%D0%B5%D0%BD%D1%82%D1%8B-Git-%D0%9F%D0%BE%D0%B4%D0%BC%D0%BE%D0%B4%D1%83%D0%BB%D0%B8')>

     7. 6.7 Слияние поддеревьев
        <javascript:textise('http://git-scm.com/book/ru/v1/%D0%98%D0%BD%D1%81%D1%82%D1%80%D1%83%D0%BC%D0%B5%D0%BD%D1%82%D1%8B-Git-%D0%A1%D0%BB%D0%B8%D1%8F%D0%BD%D0%B8%D0%B5-%D0%BF%D0%BE%D0%B4%D0%B4%D0%B5%D1%80%D0%B5%D0%B2%D1%8C%D0%B5%D0%B2')>

     8. 6.8 Итоги
        <javascript:textise('http://git-scm.com/book/ru/v1/%D0%98%D0%BD%D1%81%D1%82%D1%80%D1%83%D0%BC%D0%B5%D0%BD%D1%82%D1%8B-Git-%D0%98%D1%82%D0%BE%D0%B3%D0%B8')>


 1. 7. Настройка Git
    <javascript:textise('http://git-scm.com/book/ru/v1/%D0%9D%D0%B0%D1%81%D1%82%D1%80%D0%BE%D0%B9%D0%BA%D0%B0-Git')>

     1. 7.1 Конфигурирование Git
        <javascript:textise('http://git-scm.com/book/ru/v1/%D0%9D%D0%B0%D1%81%D1%82%D1%80%D0%BE%D0%B9%D0%BA%D0%B0-Git-%D0%9A%D0%BE%D0%BD%D1%84%D0%B8%D0%B3%D1%83%D1%80%D0%B8%D1%80%D0%BE%D0%B2%D0%B0%D0%BD%D0%B8%D0%B5-Git')>

     2. 7.2 Git-атрибуты
        <javascript:textise('http://git-scm.com/book/ru/v1/%D0%9D%D0%B0%D1%81%D1%82%D1%80%D0%BE%D0%B9%D0%BA%D0%B0-Git-Git-%D0%B0%D1%82%D1%80%D0%B8%D0%B1%D1%83%D1%82%D1%8B')>

     3. 7.3 Перехватчики в Git
        <javascript:textise('http://git-scm.com/book/ru/v1/%D0%9D%D0%B0%D1%81%D1%82%D1%80%D0%BE%D0%B9%D0%BA%D0%B0-Git-%D0%9F%D0%B5%D1%80%D0%B5%D1%85%D0%B2%D0%B0%D1%82%D1%87%D0%B8%D0%BA%D0%B8-%D0%B2-Git')>

     4. 7.4 Пример навязывания политики с помощью Git
        <javascript:textise('http://git-scm.com/book/ru/v1/%D0%9D%D0%B0%D1%81%D1%82%D1%80%D0%BE%D0%B9%D0%BA%D0%B0-Git-%D0%9F%D1%80%D0%B8%D0%BC%D0%B5%D1%80-%D0%BD%D0%B0%D0%B2%D1%8F%D0%B7%D1%8B%D0%B2%D0%B0%D0%BD%D0%B8%D1%8F-%D0%BF%D0%BE%D0%BB%D0%B8%D1%82%D0%B8%D0%BA%D0%B8-%D1%81-%D0%BF%D0%BE%D0%BC%D0%BE%D1%89%D1%8C%D1%8E-Git')>

     5. 7.5 Итоги
        <javascript:textise('http://git-scm.com/book/ru/v1/%D0%9D%D0%B0%D1%81%D1%82%D1%80%D0%BE%D0%B9%D0%BA%D0%B0-Git-%D0%98%D1%82%D0%BE%D0%B3%D0%B8')>

 2. 8. Git и другие системы контроля версий
    <javascript:textise('http://git-scm.com/book/ru/v1/Git-%D0%B8-%D0%B4%D1%80%D1%83%D0%B3%D0%B8%D0%B5-%D1%81%D0%B8%D1%81%D1%82%D0%B5%D0%BC%D1%8B-%D0%BA%D0%BE%D0%BD%D1%82%D1%80%D0%BE%D0%BB%D1%8F-%D0%B2%D0%B5%D1%80%D1%81%D0%B8%D0%B9')>

     1. 8.1 Git и Subversion
        <javascript:textise('http://git-scm.com/book/ru/v1/Git-%D0%B8-%D0%B4%D1%80%D1%83%D0%B3%D0%B8%D0%B5-%D1%81%D0%B8%D1%81%D1%82%D0%B5%D0%BC%D1%8B-%D0%BA%D0%BE%D0%BD%D1%82%D1%80%D0%BE%D0%BB%D1%8F-%D0%B2%D0%B5%D1%80%D1%81%D0%B8%D0%B9-Git-%D0%B8-Subversion')>

     2. 8.2 Миграция на Git
        <javascript:textise('http://git-scm.com/book/ru/v1/Git-%D0%B8-%D0%B4%D1%80%D1%83%D0%B3%D0%B8%D0%B5-%D1%81%D0%B8%D1%81%D1%82%D0%B5%D0%BC%D1%8B-%D0%BA%D0%BE%D0%BD%D1%82%D1%80%D0%BE%D0%BB%D1%8F-%D0%B2%D0%B5%D1%80%D1%81%D0%B8%D0%B9-%D0%9C%D0%B8%D0%B3%D1%80%D0%B0%D1%86%D0%B8%D1%8F-%D0%BD%D0%B0-Git')>

     3. 8.3 Итоги
        <javascript:textise('http://git-scm.com/book/ru/v1/Git-%D0%B8-%D0%B4%D1%80%D1%83%D0%B3%D0%B8%D0%B5-%D1%81%D0%B8%D1%81%D1%82%D0%B5%D0%BC%D1%8B-%D0%BA%D0%BE%D0%BD%D1%82%D1%80%D0%BE%D0%BB%D1%8F-%D0%B2%D0%B5%D1%80%D1%81%D0%B8%D0%B9-%D0%98%D1%82%D0%BE%D0%B3%D0%B8')>

 3. 9. Git изнутри
    <javascript:textise('http://git-scm.com/book/ru/v1/Git-%D0%B8%D0%B7%D0%BD%D1%83%D1%82%D1%80%D0%B8')>

     1. 9.1 Сантехника и фарфор
        <javascript:textise('http://git-scm.com/book/ru/v1/Git-%D0%B8%D0%B7%D0%BD%D1%83%D1%82%D1%80%D0%B8-%D0%A1%D0%B0%D0%BD%D1%82%D0%B5%D1%85%D0%BD%D0%B8%D0%BA%D0%B0-%D0%B8-%D1%84%D0%B0%D1%80%D1%84%D0%BE%D1%80')>

     2. 9.2 Объекты в Git
        <javascript:textise('http://git-scm.com/book/ru/v1/Git-%D0%B8%D0%B7%D0%BD%D1%83%D1%82%D1%80%D0%B8-%D0%9E%D0%B1%D1%8A%D0%B5%D0%BA%D1%82%D1%8B-%D0%B2-Git')>

     3. 9.3 Ссылки в Git
        <javascript:textise('http://git-scm.com/book/ru/v1/Git-%D0%B8%D0%B7%D0%BD%D1%83%D1%82%D1%80%D0%B8-%D0%A1%D1%81%D1%8B%D0%BB%D0%BA%D0%B8-%D0%B2-Git')>

     4. 9.4 Pack-файлы
        <javascript:textise('http://git-scm.com/book/ru/v1/Git-%D0%B8%D0%B7%D0%BD%D1%83%D1%82%D1%80%D0%B8-Pack-%D1%84%D0%B0%D0%B9%D0%BB%D1%8B')>

     5. 9.5 Спецификации ссылок
        <javascript:textise('http://git-scm.com/book/ru/v1/Git-%D0%B8%D0%B7%D0%BD%D1%83%D1%82%D1%80%D0%B8-%D0%A1%D0%BF%D0%B5%D1%86%D0%B8%D1%84%D0%B8%D0%BA%D0%B0%D1%86%D0%B8%D0%B8-%D1%81%D1%81%D1%8B%D0%BB%D0%BE%D0%BA')>

     6. 9.6 Протоколы передачи
        <javascript:textise('http://git-scm.com/book/ru/v1/Git-%D0%B8%D0%B7%D0%BD%D1%83%D1%82%D1%80%D0%B8-%D0%9F%D1%80%D0%BE%D1%82%D0%BE%D0%BA%D0%BE%D0%BB%D1%8B-%D0%BF%D0%B5%D1%80%D0%B5%D0%B4%D0%B0%D1%87%D0%B8')>

     7. 9.7 Обслуживание и восстановление данных
        <javascript:textise('http://git-scm.com/book/ru/v1/Git-%D0%B8%D0%B7%D0%BD%D1%83%D1%82%D1%80%D0%B8-%D0%9E%D0%B1%D1%81%D0%BB%D1%83%D0%B6%D0%B8%D0%B2%D0%B0%D0%BD%D0%B8%D0%B5-%D0%B8-%D0%B2%D0%BE%D1%81%D1%81%D1%82%D0%B0%D0%BD%D0%BE%D0%B2%D0%BB%D0%B5%D0%BD%D0%B8%D0%B5-%D0%B4%D0%B0%D0%BD%D0%BD%D1%8B%D1%85')>

     8. 9.8 Итоги
        <javascript:textise('http://git-scm.com/book/ru/v1/Git-%D0%B8%D0%B7%D0%BD%D1%83%D1%82%D1%80%D0%B8-%D0%98%D1%82%D0%BE%D0%B3%D0%B8')>


1st Edition  
6.6 Инструменты Git - Подмодули
Подмодули
Зачастую случается так, что во время работы над некоторым проектом
появляется необходимость использовать внутри него ещё какой-то проект.
Возможно, библиотеку, разрабатываемую сторонними разработчиками или
разрабатываемую вами обособленно и используемую в нескольких
родительских проектах. Типичная проблема, возникающая при использовании
подобного сценария, это, как сделать так, чтобы иметь возможность
рассматривать эти два проекта как отдельные, всё же имея возможность
использовать один проект внутри другого.

Вот пример. Предположим, вы разрабатываете веб-сайт и создаёте
Atom-ленты. И вместо того, чтобы писать собственный код, генерирующий
Atom, вы решили использовать библиотеку. Вы, вероятно, должны либо
подключить нужный код с помощью разделяемой библиотеки, такой как
устанавливаемый модуль CPAN или пакет RubyGem, либо скопировать исходный
код в дерево собственного проекта. Проблема с подключением библиотеки в
том, что библиотеку сложно хоть как-то модифицировать под свои нужды, и
зачастую её сложнее распространять. Ведь вы вынуждены удостовериться в
том, что эта библиотека доступна на каждом клиенте. Проблема с
включением кода в ваш собственный проект в том, что любые изменения,
вносимые вами, могут конфликтовать с изменениями, которые появятся в
основном проекте, и эти изменения будет сложно слить.

Git решает эту задачу, используя подмодули (submodule). Подмодули
позволяют содержать один Git-репозиторий как подкаталог другого
Git-репозитория. Это даёт возможность клонировать ещё один репозиторий
внутрь проекта, храня коммиты для этого репозитория отдельно.

Начало использования подмодулей <#Начало-использования-подмодулей>
Предположим, вы хотите добавить библиотеку Rack (интерфейс шлюза
веб-сервера Ruby) в свой проект, возможно, внося свои собственные
изменения в него, но продолжая сливать их с изменениями основного
проекта. Первое, что вам требуется сделать, это клонировать внешний
репозиторий в подкаталог. Добавление внешних проектов в качестве
подмодулей делается командой git submodule add:

$ git submodule add git://github.com/chneukirchen/rack.git rack
Initialized empty Git repository in /opt/subtest/rack/.git/ remote:
Counting objects: 3181, done. remote: Compressing objects: 100%
(1534/1534), done. remote: Total 3181 (delta 1951), reused 2623 (delta
1603) Receiving objects: 100% (3181/3181), 675.42 KiB | 422 KiB/s, done.
Resolving deltas: 100% (1951/1951), done.
Теперь у вас внутри проекта в подкаталоге с именем rack находится проект
Rack. Вы можете переходить в этот подкаталог, вносить изменения,
добавить ваш собственный доступный для записи внешний репозиторий для
отправки в него своих изменений, извлекать и сливать из исходного
репозитория и многое другое. Если вы выполните git status сразу после
добавления подмодуля, то увидите две вещи:

$ git status # On branch master # Changes to be committed: # (use "git
reset HEAD ..." to unstage) # # new file: .gitmodules # new file: rack #
Вначале вы заметите файл .gitmodules. Это конфигурационный файл, который
содержит соответствие между URL проекта и локальным подкаталогом, в
который был загружен подмодуль:

$ cat .gitmodules [submodule "rack"] path = rack url =
git://github.com/chneukirchen/rack.git
Если у вас несколько подмодулей, то в этом файле будет несколько
записей. Важно обратить внимание на то, что этот файл находится под
версионным контролем вместе с другими вашими файлами, так же как и файл
.gitignore. Он отправляется при выполнении push и загружается при
выполнении pull вместе с остальными файлами проекта. Так другие люди,
которые клонируют этот проект, узнают, откуда взять проекты-подмодули.

В следующем листинге вывода git status присутствует элемент rack. Если
вы выполните git diff для него, то увидите кое-что интересное:

$ git diff --cached rack diff --git a/rack b/rack new file mode 160000
index 0000000..08d709f --- /dev/null +++ b/rack @@ -0,0 +1 @@
+Subproject commit 08d709f78b8c5b0fbeb7821e37fa53e69afcf433
Хотя rack является подкаталогом в вашем рабочем каталоге, Git видит его
как подмодуль и не отслеживает его содержимое, если вы не находитесь в
нём. Вместо этого, Git записывает его как один конкретный коммит из
этого репозитория. Если вы производите изменения в этом подкаталоге и
делаете коммит, основной проект замечает, что HEAD в подмодуле был
изменён, и регистрирует тот хеш коммита, над которым вы в данный момент
завершили работу в подмодуле. Таким образом, если кто-то склонирует этот
проект, он сможет воссоздать окружение в точности.

Это важная особенность подмодулей – вы запоминаете их как определенный
коммит (состояние), в котором они находятся. Вы не можете записать
подмодуль под ссылкой master или какой-либо другой символьной ссылкой.

Если вы создадите коммит, то увидите что-то вроде этого:

$ git commit -m 'first commit with submodule rack' [master 0550271]
first commit with submodule rack 2 files changed, 4 insertions(+), 0
deletions(-) create mode 100644 .gitmodules create mode 160000 rack
Обратите внимание на режим 160000 для элемента rack. Это специальный
режим в Git'е, который по существу означает, что в качестве записи в
каталоге сохраняется коммит, а не подкаталог или файл.

Вы можете обращаться с каталогом rack как с отдельным проектом и время
от времени обновлять свой "надпроект" с помощью указателя на самый
последний коммит в этом подпроекте. Все команды Git'а в этих двух
каталогах работают независимо друг от друга:

$ git log -1 commit 0550271328a0038865aad6331e620cd7238601bb Author:
Scott Chacon Date: Thu Apr 9 09:03:56 2009 -0700 first commit with
submodule rack $ cd rack/ $ git log -1 commit
08d709f78b8c5b0fbeb7821e37fa53e69afcf433 Author: Christian Neukirchen
Date: Wed Mar 25 14:49:04 2009 +0100 Document version change
Клонирование проекта с подмодулями <#Клонирование-проекта-с-подмодулями>
Сейчас мы склонируем проект, содержащий подмодуль. После получения
такого проекта в вашей копии будут каталоги, содержащие подмодули, но
пока что без единого файла в них:

$ git clone git://github.com/schacon/myproject.git Initialized empty Git
repository in /opt/myproject/.git/ remote: Counting objects: 6, done.
remote: Compressing objects: 100% (4/4), done. remote: Total 6 (delta
0), reused 0 (delta 0) Receiving objects: 100% (6/6), done. $ cd
myproject $ ls -l total 8 -rw-r--r-- 1 schacon admin 3 Apr 9 09:11
README drwxr-xr-x 2 schacon admin 68 Apr 9 09:11 rack $ ls rack/ $
Каталог rack присутствует, но он пустой. Необходимо выполнить две
команды: git submodule init для инициализации вашего локального файла
конфигурации и git submodule update для получения всех данных из
подмодуля и перехода к соответствующему коммиту, указанному в вашем
основном проекте:

$ git submodule init Submodule 'rack'
(git://github.com/chneukirchen/rack.git) registered for path 'rack' $
git submodule update Initialized empty Git repository in
/opt/myproject/rack/.git/ remote: Counting objects: 3181, done. remote:
Compressing objects: 100% (1534/1534), done. remote: Total 3181 (delta
1951), reused 2623 (delta 1603) Receiving objects: 100% (3181/3181),
675.42 KiB | 173 KiB/s, done. Resolving deltas: 100% (1951/1951), done.
Submodule path 'rack': checked out
'08d709f78b8c5b0fbeb7821e37fa53e69afcf433'
Теперь ваш подкаталог rack точно в том состоянии, в котором он был,
когда вы раньше делали коммит. Если другой разработчик внесёт изменения
в код rack и затем сделает коммит, а вы потом обновите эту ссылку и
сольёте её, то вы получите что-то странное:

$ git merge origin/master Updating 0550271..85a3eee Fast forward rack |
2 +- 1 files changed, 1 insertions(+), 1 deletions(-) [master*]$ git
status # On branch master # Changes not staged for commit: # (use "git
add ..." to update what will be committed) # (use "git checkout -- ..."
to discard changes in working directory) # # modified: rack #
Вы слили то, что по существу является изменением указателя на подмодуль.
Но при этом обновления кода в каталоге подмодуля не произошло, так что
всё выглядит так, как будто вы имеете грязное состояние в своём рабочем
каталоге:

$ git diff diff --git a/rack b/rack index 6c5e70b..08d709f 160000 ---
a/rack +++ b/rack @@ -1 +1 @@ -Subproject commit
6c5e70b984a60b3cecd395edd5b48a7575bf58e0 +Subproject commit
08d709f78b8c5b0fbeb7821e37fa53e69afcf433
Это всё из-за того, что ваш указатель на подмодуль не соответствует
тому, что на самом деле находится в каталоге подмодуля. Чтобы исправить
это, необходимо снова выполнить git submodule update:

$ git submodule update remote: Counting objects: 5, done. remote:
Compressing objects: 100% (3/3), done. remote: Total 3 (delta 1), reused
2 (delta 0) Unpacking objects: 100% (3/3), done. From
git@github.com:schacon/rack 08d709f..6c5e70b master -> origin/master
Submodule path 'rack': checked out
'6c5e70b984a60b3cecd395edd5b48a7575bf58e0'
Вы вынуждены делать так каждый раз, когда вы получаете изменения
подмодуля в главном проекте. Это странно, но это работает.

Распространённая проблема возникает, когда разработчик делает изменения
в своей локальной копии подмодуля, но не отправляет их на общий сервер.
Затем он создаёт коммит содержащий указатель на это непубличное
состояние и отправляет его в основной проект. Когда другие разработчики
пытаются выполнить git submodule update, система работы с подмодулями не
может найти указанный коммит, потому что он существует только в системе
первого разработчика. Если такое случится, вы увидите ошибку вроде этой:

$ git submodule update fatal: reference isn’t a tree:
6c5e70b984a60b3cecd395edd5b48a7575bf58e0 Unable to checkout
'6c5e70b984a60b3cecd395edd5ba7575bf58e0' in submodule path 'rack'
Вам надо посмотреть, кто последним менял подмодуль:

$ git log -1 rack commit 85a3eee996800fcfa91e2119372dd4172bf76678
Author: Scott Chacon Date: Thu Apr 9 09:19:14 2009 -0700 added a
submodule reference I will never make public. hahahahaha!
А затем отправить этому человеку письмо со своими возмущениями.

Суперпроекты <#Суперпроекты>
Иногда разработчики хотят объединить подкаталоги крупного проекта в
нечто связанное в зависимости от того, в какой они команде. Это типично
для людей, перешедших с CVS или Subversion, где они определяли модуль
или набор подкаталогов, и они хотят сохранить данный тип рабочего процесса.

Хороший способ сделать такое в Git'е — это сделать каждый из
подкаталогов отдельным Git-репозиторием, и создать Git-репозиторий для
суперпроекта, который будет содержать несколько подмодулей. Преимущество
такого подхода в том, что вы можете более гибко определять отношения
между проектами при помощи меток и ветвей в суперпроектах.

Проблемы с подмодулями <#Проблемы-с-подмодулями>
Однако, использование подмодулей не обходится без загвоздок. Во-первых,
вы должны быть относительно осторожны, работая в каталоге подмодуля.
Когда вы выполняете команду git submodule update, она возвращает
определённую версию проекта, но не внутри ветви. Это называется
состоянием с отделённым HEAD (detached HEAD) — это означает, что файл
HEAD указывает на конкретный коммит, а не на символическую ссылку.
Проблема в том, что вы, скорее всего, не хотите работать в окружении с
отделённым HEAD, потому что так легко потерять изменения. Если вы
сделаете первоначальный submodule update, сделаете коммит в каталоге
подмодуля, не создавая ветки для работы в ней, и затем вновь выполните
git submodule update из основного проекта, без создания коммита в
суперпроекте, Git затрёт ваши изменения без предупреждения. Технически
вы не потеряете проделанную работу, но у вас не будет ветки, указывающей
на неё, так что будет несколько сложновато её восстановить.

Для предотвращения этой проблемы создавайте ветвь, когда работаете в
каталоге подмодуля с использованием команды git checkout -b work или
какой-нибудь аналогичной. Когда вы сделаете обновление подмодуля
командой submodule update в следующий раз, она всё же откатит вашу
работу, но, по крайней мере, у вас будет указатель для возврата назад.

Переключение веток с подмодулями в них также может быть мудрёным. Если
вы создадите новую ветку, добавите туда подмодуль и затем переключитесь
обратно, туда где не было этого подмодуля, вы всё ещё будете иметь
каталог подмодуля в виде неотслеживаемого каталога:

$ git checkout -b rack Switched to a new branch "rack" $ git submodule
add git@github.com:schacon/rack.git rack Initialized empty Git
repository in /opt/myproj/rack/.git/ ... Receiving objects: 100%
(3184/3184), 677.42 KiB | 34 KiB/s, done. Resolving deltas: 100%
(1952/1952), done. $ git commit -am 'added rack submodule' [rack
cc49a69] added rack submodule 2 files changed, 4 insertions(+), 0
deletions(-) create mode 100644 .gitmodules create mode 160000 rack $
git checkout master Switched to branch "master" $ git status # On branch
master # Untracked files: # (use "git add ..." to include in what will
be committed) # # rack/
Вы будете вынуждены либо переместить каталог подмодуля в другое место,
либо удалить его. В случае удаления вам потребуется клонировать его
снова при переключении обратно, и тогда вы можете потерять локальные
изменения или ветки, которые не были отправлены в основной репозиторий.

Последняя проблема, которая возникает у многих, и о которой стоит
предостеречь, возникает при переходе от подкаталогов к подмодулям. Если
вы держали некоторые файлы под версионным контролем в своём проекте, а
сейчас хотите перенести их в подмодуль, вам надо быть осторожным, иначе
Git разозлится на вас. Допустим, вы держите файлы rack в подкаталоге
проекта, и вы хотите вынести его в подмодуль. Если вы просто удалите
подкаталог и затем выполните submodule add, Git наорёт на вас:

$ rm -Rf rack/ $ git submodule add git@github.com:schacon/rack.git rack
'rack' already exists in the index
Вначале вам следует убрать каталог rack из индекса (убрать из-под
версионного контроля). Потом можете добавить подмодуль:

$ git rm -r rack $ git submodule add git@github.com:schacon/rack.git
rack Initialized empty Git repository in /opt/testsub/rack/.git/ remote:
Counting objects: 3184, done. remote: Compressing objects: 100%
(1465/1465), done. remote: Total 3184 (delta 1952), reused 2770 (delta
1675) Receiving objects: 100% (3184/3184), 677.42 KiB | 88 KiB/s, done.
Resolving deltas: 100% (1952/1952), done.
Теперь, предположим, вы сделали это в ветке. Если вы попытаетесь
переключиться обратно на ту ветку, где эти файлы всё ещё в актуальном
дереве, а не в подмодуле, то вы получите такую ошибку:

$ git checkout master error: Untracked working tree file 'rack/AUTHORS'
would be overwritten by merge.
Вам следует переместить каталог подмодуля rack, перед тем, как вы
сможете переключиться на ветку, которая не содержит его:

$ mv rack /tmp/ $ git checkout master Switched to branch "master" $ ls
README rack
Затем, когда вы переключитесь обратно, вы получите пустой каталог rack.
Вы сможете либо выполнить git submodule update для повторного
клонирования, или вернуть содержимое вашего каталога /tmp/rack обратно в
пустой каталог.

prev
<javascript:textise('http://git-scm.com/book/ru/%D0%98%D0%BD%D1%81%D1%82%D1%80%D1%83%D0%BC%D0%B5%D0%BD%D1%82%D1%8B-Git-%D0%9E%D1%82%D0%BB%D0%B0%D0%B4%D0%BA%D0%B0-%D1%81-%D0%BF%D0%BE%D0%BC%D0%BE%D1%89%D1%8C%D1%8E-Git')>
| next
<javascript:textise('http://git-scm.com/book/ru/v1/%D0%98%D0%BD%D1%81%D1%82%D1%80%D1%83%D0%BC%D0%B5%D0%BD%D1%82%D1%8B-Git-%D0%A1%D0%BB%D0%B8%D1%8F%D0%BD%D0%B8%D0%B5-%D0%BF%D0%BE%D0%B4%D0%B4%D0%B5%D1%80%D0%B5%D0%B2%D1%8C%D0%B5%D0%B2')>
This open sourced
<javascript:textise('https://github.com/git/git-scm.com/blob/master/README.md#license')>
site is hosted on GitHub.
<javascript:textise('https://github.com/git/git-scm.com')>
Patches, suggestions and comments are welcome.
Git is a member of Software Freedom Conservancy
<javascript:textise('http://git-scm.com/sfc')>


Textise: Back to top <#textiseTop>
------------------------------------------------------------------------
This text-only page was created by Textise (www.textise.net
<http://www.textise.net/>). Copyright Subjunctive Software.
Find us on Facebook <https://www.facebook.com/Textise> and Twitter
<https://twitter.com/textise> or visit the Official Blog
<http://textise.wordpress.com/>.

